// Jest Snapshot v1, https://goo.gl/fbAQLP

exports[`should render loader 1`] = `
<Loader>
  <Spinner
    animation="border"
    role="status"
  >
    <div
      className="spinner-border"
      role="status"
    >
      <span
        className="visually-hidden"
      >
        Loading...
      </span>
    </div>
  </Spinner>
</Loader>
`;
