// Jest Snapshot v1, https://goo.gl/fbAQLP

exports[`Billing info component should render BillingInfo component correctly 1`] = `
Array [
  <section
    className="sc-cOFTSb foYTCl"
  >
    <a
      href="/shipping"
      onClick={[Function]}
    >
      Shipping
    </a>
     &gt;
    <a
      href="/billing"
      onClick={[Function]}
    >
      Billing
    </a>
     &gt;
    <a
      href="/payment"
      onClick={[Function]}
    >
      Payment
    </a>
  </section>,
  <div
    className="sc-bczRLJ iLjvJl"
  >
    <section
      className="sc-jqUVSM drOJkA"
    >
      <h4
        className="sc-kDDrLX hxhBIM"
      >
        Billing Information
      </h4>
      <p
        className="sc-iqcoie irDhwn"
        onClick={[Function]}
      >
        Same as shipping
      </p>
    </section>
    <form
      className=""
      noValidate={true}
      onSubmit={[Function]}
    >
      <div>
        <label
          className="mb-0 form-label"
        >
          Billing Contact
        </label>
        <div
          className="mb-4 position-relative"
        >
          <input
            className="form-control"
            id="name"
            name="name"
            onBlur={[Function]}
            onChange={[Function]}
            placeholder="Full Name"
            type="text"
            value=""
          />
          <div
            className="invalid-tooltip"
          />
        </div>
        <div
          className="mb-4 mb-md-4 mb-lg-5 mb-xl-5 position-relative"
        >
          <input
            className="form-control"
            id="email"
            name="email"
            onBlur={[Function]}
            onChange={[Function]}
            placeholder="Email address"
            type="text"
            value=""
          />
          <div
            className="invalid-tooltip"
          />
        </div>
      </div>
      <div>
        <div
          className="position-relative"
        >
          <label
            className="mb-0 form-label"
          >
            Billing address
          </label>
          <div
            className="mb-4 position-relative"
          >
            <input
              className="form-control"
              id="street"
              name="street"
              onBlur={[Function]}
              onChange={[Function]}
              onFocus={[Function]}
              placeholder="Street address"
              type="text"
              value=""
            />
            <div
              className="invalid-tooltip"
            />
          </div>
          <div
            className="mb-2 position-relative"
          >
            <input
              className="form-control"
              id="optional"
              name="optional"
              onBlur={[Function]}
              onChange={[Function]}
              placeholder="Apt, Suit, Bidg, Gate Code. (optional)"
              type="text"
              value=""
            />
          </div>
          <div
            className="mb-4 position-relative"
          >
            <input
              className="form-control"
              id="city"
              name="city"
              onBlur={[Function]}
              onChange={[Function]}
              placeholder="City"
              type="text"
              value=""
            />
            <div
              className="invalid-tooltip"
            />
          </div>
          <div
            className="mb-4 position-relative"
          >
            <div
              className="row"
            >
              <div
                className="col-sm-7 col-7"
              >
                <div
                  className=" css-b62m3t-container"
                  id="country"
                  onKeyDown={[Function]}
                >
                  <span
                    className="css-1f43avz-a11yText-A11yText"
                    id="react-select-9-live-region"
                  />
                  <span
                    aria-atomic="false"
                    aria-live="polite"
                    aria-relevant="additions text"
                    className="css-1f43avz-a11yText-A11yText"
                  />
                  <div
                    className=" css-1s2u09g-control"
                    onMouseDown={[Function]}
                    onTouchEnd={[Function]}
                  >
                    <div
                      className=" css-319lph-ValueContainer"
                    >
                      <div
                        className=" css-14el2xx-placeholder"
                        id="react-select-9-placeholder"
                      >
                        Country
                      </div>
                      <div
                        className=" css-6j8wv5-Input"
                        data-value=""
                      >
                        <input
                          aria-autocomplete="list"
                          aria-describedby="react-select-9-placeholder"
                          aria-expanded={false}
                          aria-haspopup={true}
                          autoCapitalize="none"
                          autoComplete="off"
                          autoCorrect="off"
                          className=""
                          disabled={false}
                          id="react-select-9-input"
                          onBlur={[Function]}
                          onChange={[Function]}
                          onFocus={[Function]}
                          role="combobox"
                          spellCheck="false"
                          style={
                            Object {
                              "background": 0,
                              "border": 0,
                              "color": "inherit",
                              "font": "inherit",
                              "gridArea": "1 / 2",
                              "label": "input",
                              "margin": 0,
                              "minWidth": "2px",
                              "opacity": 1,
                              "outline": 0,
                              "padding": 0,
                              "width": "100%",
                            }
                          }
                          tabIndex={0}
                          type="text"
                          value=""
                        />
                      </div>
                    </div>
                    <div
                      className=" css-1hb7zxy-IndicatorsContainer"
                    >
                      <span
                        className=" css-1okebmr-indicatorSeparator"
                      />
                      <div
                        aria-hidden="true"
                        className=" css-tlfecz-indicatorContainer"
                        onMouseDown={[Function]}
                        onTouchEnd={[Function]}
                      >
                        <svg
                          aria-hidden="true"
                          className="css-tj5bde-Svg"
                          focusable="false"
                          height={20}
                          viewBox="0 0 20 20"
                          width={20}
                        >
                          <path
                            d="M4.516 7.548c0.436-0.446 1.043-0.481 1.576 0l3.908 3.747 3.908-3.747c0.533-0.481 1.141-0.446 1.574 0 0.436 0.445 0.408 1.197 0 1.615-0.406 0.418-4.695 4.502-4.695 4.502-0.217 0.223-0.502 0.335-0.787 0.335s-0.57-0.112-0.789-0.335c0 0-4.287-4.084-4.695-4.502s-0.436-1.17 0-1.615z"
                          />
                        </svg>
                      </div>
                    </div>
                  </div>
                  <input
                    name="country"
                    type="hidden"
                    value=""
                  />
                </div>
              </div>
              <div
                className="col-sm-5 col-5"
              >
                <input
                  className="form-control"
                  id="zip"
                  name="zip"
                  onBlur={[Function]}
                  onChange={[Function]}
                  placeholder="ZIP"
                  type="text"
                  value=""
                />
                <div
                  className="invalid-tooltip"
                />
              </div>
            </div>
          </div>
        </div>
      </div>
      <button
        className="sc-papXJ fRWQUH btn btn-secondary"
        disabled={false}
        type="submit"
      >
        Continue
      </button>
    </form>
  </div>,
]
`;
