// Jest Snapshot v1, https://goo.gl/fbAQLP

exports[`should match snapshot 1`] = `
Object {
  "asFragment": [Function],
  "baseElement": <body>
    <div>
      <section
        class="sc-BeQoi dbxsDW"
      >
        <a
          href="/shipping"
        >
          Shipping
        </a>
         &gt;
        <a
          href="/billing"
        >
          Billing
        </a>
         &gt;
        <a
          href="/payment"
        >
          Payment
        </a>
      </section>
      <div
        class="sc-bczRLJ iLjvJl"
      >
        <section
          class="sc-kDDrLX hFYHf"
        >
          <h4
            class="sc-iqcoie bSFIcJ"
          >
            Billing Information
          </h4>
          <p
            class="sc-crXcEl cEbuam"
            id="same-as-shipping"
          >
            Same as shipping
          </p>
        </section>
        <form
          class=""
          novalidate=""
        >
          <div>
            <label
              class="mb-0 form-label"
            >
              Billing Contact
            </label>
            <div
              class="mb-4 position-relative"
            >
              <input
                class="form-control"
                id="name"
                name="name"
                placeholder="Full Name"
                type="text"
                value=""
              />
              <div
                class="invalid-tooltip"
              />
            </div>
            <div
              class="mb-4 mb-md-4 mb-lg-5 mb-xl-5 position-relative"
            >
              <input
                class="form-control"
                id="email"
                name="email"
                placeholder="Email address"
                type="text"
                value=""
              />
              <div
                class="invalid-tooltip"
              />
            </div>
          </div>
          <div>
            <div
              class="position-relative"
            >
              <label
                class="mb-0 form-label"
              >
                Billing address
              </label>
              <div
                class="mb-4 position-relative"
              >
                <input
                  class="form-control"
                  data-value="false"
                  id="street"
                  name="street"
                  placeholder="Street address"
                  type="text"
                  value=""
                />
                <svg
                  class="sc-dkzDqf fVHUGe"
                  fill="currentColor"
                  height="1em"
                  stroke="currentColor"
                  stroke-width="0"
                  viewBox="0 0 16 16"
                  width="1em"
                  xmlns="http://www.w3.org/2000/svg"
                >
                  <path
                    d="M8 16s6-5.686 6-10A6 6 0 0 0 2 6c0 4.314 6 10 6 10zm0-7a3 3 0 1 1 0-6 3 3 0 0 1 0 6z"
                  />
                </svg>
                <div
                  class="invalid-tooltip"
                />
              </div>
              <div
                class="mb-2 position-relative"
              >
                <input
                  class="form-control"
                  id="optional"
                  name="optional"
                  placeholder="Apt, Suit, Bidg, Gate Code. (optional)"
                  type="text"
                  value=""
                />
              </div>
              <div
                class="mb-4 position-relative"
              >
                <input
                  class="form-control"
                  id="city"
                  name="city"
                  placeholder="City"
                  type="text"
                  value=""
                />
                <div
                  class="invalid-tooltip"
                />
              </div>
              <div
                class="mb-4 position-relative"
              >
                <div
                  class="row"
                >
                  <div
                    class="col-sm-7 col-7"
                  >
                    <section
                      class="sc-eCYdqJ eTrzWw"
                    >
                      <div
                        class=" css-b62m3t-container"
                        id="country"
                      >
                        <span
                          class="css-1f43avz-a11yText-A11yText"
                          id="react-select-2-live-region"
                        />
                        <span
                          aria-atomic="false"
                          aria-live="polite"
                          aria-relevant="additions text"
                          class="css-1f43avz-a11yText-A11yText"
                        />
                        <div
                          class=" css-1s2u09g-control"
                        >
                          <div
                            class=" css-319lph-ValueContainer"
                          >
                            <div
                              class=" css-14el2xx-placeholder"
                              id="react-select-2-placeholder"
                            >
                              Country
                            </div>
                            <div
                              class=" css-6j8wv5-Input"
                              data-value=""
                            >
                              <input
                                aria-autocomplete="list"
                                aria-describedby="react-select-2-placeholder"
                                aria-expanded="false"
                                aria-haspopup="true"
                                autocapitalize="none"
                                autocomplete="off"
                                autocorrect="off"
                                class=""
                                id="react-select-2-input"
                                role="combobox"
                                spellcheck="false"
                                style="opacity: 1; width: 100%; grid-area: 1 / 2; min-width: 2px; border: 0px; margin: 0px; outline: 0; padding: 0px;"
                                tabindex="0"
                                type="text"
                                value=""
                              />
                            </div>
                          </div>
                          <div
                            class=" css-1hb7zxy-IndicatorsContainer"
                          >
                            <span
                              class=" css-1okebmr-indicatorSeparator"
                            />
                            <div
                              aria-hidden="true"
                              class=" css-tlfecz-indicatorContainer"
                            >
                              <svg
                                aria-hidden="true"
                                class="css-tj5bde-Svg"
                                focusable="false"
                                height="20"
                                viewBox="0 0 20 20"
                                width="20"
                              >
                                <path
                                  d="M4.516 7.548c0.436-0.446 1.043-0.481 1.576 0l3.908 3.747 3.908-3.747c0.533-0.481 1.141-0.446 1.574 0 0.436 0.445 0.408 1.197 0 1.615-0.406 0.418-4.695 4.502-4.695 4.502-0.217 0.223-0.502 0.335-0.787 0.335s-0.57-0.112-0.789-0.335c0 0-4.287-4.084-4.695-4.502s-0.436-1.17 0-1.615z"
                                />
                              </svg>
                            </div>
                          </div>
                        </div>
                        <input
                          name="country"
                          type="hidden"
                          value=""
                        />
                      </div>
                    </section>
                  </div>
                  <div
                    class="col-sm-5 col-5"
                  >
                    <input
                      class="form-control"
                      id="zip"
                      name="zip"
                      placeholder="ZIP"
                      type="text"
                      value=""
                    />
                    <div
                      class="invalid-tooltip"
                    />
                  </div>
                </div>
              </div>
            </div>
          </div>
          <button
            class="sc-jqUVSM lirFSS btn btn-secondary"
            type="submit"
          >
            Continue
          </button>
        </form>
      </div>
    </div>
  </body>,
  "container": <div>
    <section
      class="sc-BeQoi dbxsDW"
    >
      <a
        href="/shipping"
      >
        Shipping
      </a>
       &gt;
      <a
        href="/billing"
      >
        Billing
      </a>
       &gt;
      <a
        href="/payment"
      >
        Payment
      </a>
    </section>
    <div
      class="sc-bczRLJ iLjvJl"
    >
      <section
        class="sc-kDDrLX hFYHf"
      >
        <h4
          class="sc-iqcoie bSFIcJ"
        >
          Billing Information
        </h4>
        <p
          class="sc-crXcEl cEbuam"
          id="same-as-shipping"
        >
          Same as shipping
        </p>
      </section>
      <form
        class=""
        novalidate=""
      >
        <div>
          <label
            class="mb-0 form-label"
          >
            Billing Contact
          </label>
          <div
            class="mb-4 position-relative"
          >
            <input
              class="form-control"
              id="name"
              name="name"
              placeholder="Full Name"
              type="text"
              value=""
            />
            <div
              class="invalid-tooltip"
            />
          </div>
          <div
            class="mb-4 mb-md-4 mb-lg-5 mb-xl-5 position-relative"
          >
            <input
              class="form-control"
              id="email"
              name="email"
              placeholder="Email address"
              type="text"
              value=""
            />
            <div
              class="invalid-tooltip"
            />
          </div>
        </div>
        <div>
          <div
            class="position-relative"
          >
            <label
              class="mb-0 form-label"
            >
              Billing address
            </label>
            <div
              class="mb-4 position-relative"
            >
              <input
                class="form-control"
                data-value="false"
                id="street"
                name="street"
                placeholder="Street address"
                type="text"
                value=""
              />
              <svg
                class="sc-dkzDqf fVHUGe"
                fill="currentColor"
                height="1em"
                stroke="currentColor"
                stroke-width="0"
                viewBox="0 0 16 16"
                width="1em"
                xmlns="http://www.w3.org/2000/svg"
              >
                <path
                  d="M8 16s6-5.686 6-10A6 6 0 0 0 2 6c0 4.314 6 10 6 10zm0-7a3 3 0 1 1 0-6 3 3 0 0 1 0 6z"
                />
              </svg>
              <div
                class="invalid-tooltip"
              />
            </div>
            <div
              class="mb-2 position-relative"
            >
              <input
                class="form-control"
                id="optional"
                name="optional"
                placeholder="Apt, Suit, Bidg, Gate Code. (optional)"
                type="text"
                value=""
              />
            </div>
            <div
              class="mb-4 position-relative"
            >
              <input
                class="form-control"
                id="city"
                name="city"
                placeholder="City"
                type="text"
                value=""
              />
              <div
                class="invalid-tooltip"
              />
            </div>
            <div
              class="mb-4 position-relative"
            >
              <div
                class="row"
              >
                <div
                  class="col-sm-7 col-7"
                >
                  <section
                    class="sc-eCYdqJ eTrzWw"
                  >
                    <div
                      class=" css-b62m3t-container"
                      id="country"
                    >
                      <span
                        class="css-1f43avz-a11yText-A11yText"
                        id="react-select-2-live-region"
                      />
                      <span
                        aria-atomic="false"
                        aria-live="polite"
                        aria-relevant="additions text"
                        class="css-1f43avz-a11yText-A11yText"
                      />
                      <div
                        class=" css-1s2u09g-control"
                      >
                        <div
                          class=" css-319lph-ValueContainer"
                        >
                          <div
                            class=" css-14el2xx-placeholder"
                            id="react-select-2-placeholder"
                          >
                            Country
                          </div>
                          <div
                            class=" css-6j8wv5-Input"
                            data-value=""
                          >
                            <input
                              aria-autocomplete="list"
                              aria-describedby="react-select-2-placeholder"
                              aria-expanded="false"
                              aria-haspopup="true"
                              autocapitalize="none"
                              autocomplete="off"
                              autocorrect="off"
                              class=""
                              id="react-select-2-input"
                              role="combobox"
                              spellcheck="false"
                              style="opacity: 1; width: 100%; grid-area: 1 / 2; min-width: 2px; border: 0px; margin: 0px; outline: 0; padding: 0px;"
                              tabindex="0"
                              type="text"
                              value=""
                            />
                          </div>
                        </div>
                        <div
                          class=" css-1hb7zxy-IndicatorsContainer"
                        >
                          <span
                            class=" css-1okebmr-indicatorSeparator"
                          />
                          <div
                            aria-hidden="true"
                            class=" css-tlfecz-indicatorContainer"
                          >
                            <svg
                              aria-hidden="true"
                              class="css-tj5bde-Svg"
                              focusable="false"
                              height="20"
                              viewBox="0 0 20 20"
                              width="20"
                            >
                              <path
                                d="M4.516 7.548c0.436-0.446 1.043-0.481 1.576 0l3.908 3.747 3.908-3.747c0.533-0.481 1.141-0.446 1.574 0 0.436 0.445 0.408 1.197 0 1.615-0.406 0.418-4.695 4.502-4.695 4.502-0.217 0.223-0.502 0.335-0.787 0.335s-0.57-0.112-0.789-0.335c0 0-4.287-4.084-4.695-4.502s-0.436-1.17 0-1.615z"
                              />
                            </svg>
                          </div>
                        </div>
                      </div>
                      <input
                        name="country"
                        type="hidden"
                        value=""
                      />
                    </div>
                  </section>
                </div>
                <div
                  class="col-sm-5 col-5"
                >
                  <input
                    class="form-control"
                    id="zip"
                    name="zip"
                    placeholder="ZIP"
                    type="text"
                    value=""
                  />
                  <div
                    class="invalid-tooltip"
                  />
                </div>
              </div>
            </div>
          </div>
        </div>
        <button
          class="sc-jqUVSM lirFSS btn btn-secondary"
          type="submit"
        >
          Continue
        </button>
      </form>
    </div>
  </div>,
  "debug": [Function],
  "findAllByAltText": [Function],
  "findAllByDisplayValue": [Function],
  "findAllByLabelText": [Function],
  "findAllByPlaceholderText": [Function],
  "findAllByRole": [Function],
  "findAllByTestId": [Function],
  "findAllByText": [Function],
  "findAllByTitle": [Function],
  "findByAltText": [Function],
  "findByDisplayValue": [Function],
  "findByLabelText": [Function],
  "findByPlaceholderText": [Function],
  "findByRole": [Function],
  "findByTestId": [Function],
  "findByText": [Function],
  "findByTitle": [Function],
  "getAllByAltText": [Function],
  "getAllByDisplayValue": [Function],
  "getAllByLabelText": [Function],
  "getAllByPlaceholderText": [Function],
  "getAllByRole": [Function],
  "getAllByTestId": [Function],
  "getAllByText": [Function],
  "getAllByTitle": [Function],
  "getByAltText": [Function],
  "getByDisplayValue": [Function],
  "getByLabelText": [Function],
  "getByPlaceholderText": [Function],
  "getByRole": [Function],
  "getByTestId": [Function],
  "getByText": [Function],
  "getByTitle": [Function],
  "queryAllByAltText": [Function],
  "queryAllByDisplayValue": [Function],
  "queryAllByLabelText": [Function],
  "queryAllByPlaceholderText": [Function],
  "queryAllByRole": [Function],
  "queryAllByTestId": [Function],
  "queryAllByText": [Function],
  "queryAllByTitle": [Function],
  "queryByAltText": [Function],
  "queryByDisplayValue": [Function],
  "queryByLabelText": [Function],
  "queryByPlaceholderText": [Function],
  "queryByRole": [Function],
  "queryByTestId": [Function],
  "queryByText": [Function],
  "queryByTitle": [Function],
  "rerender": [Function],
  "unmount": [Function],
}
`;
